have iOS/bgm/01
have iOS/bgm/02
have iOS/bgm/common
have iOS/chest
have iOS/cubemap
have iOS/effects/eff
have iOS/effects/waza
have iOS/eqbit-icons
have iOS/equnit-icons
have iOS/equnit-models
have iOS/equnit-prefab-icons
have iOS/evedef/tut
have iOS/fonts/common
have iOS/fonts/sourcehansans.fontsjp
have iOS/gift-icons
have iOS/globaldata
have iOS/illustrations/common
have iOS/illustrations/l10n.en-us
have iOS/iOS
have iOS/lightpreset
have iOS/mii
have iOS/pdeco-icons
have iOS/pii-icons-face/01rg
have iOS/pii-icons-face/02gs
have iOS/pii-icons-face/03rs
have iOS/pii-icons-face/04dp
have iOS/pii-icons-face/05bw
have iOS/pii-icons-face/06xy
have iOS/pii-icons-face/07sm
have iOS/pii-icons-full/01rg
have iOS/pii-icons-full/02gs
have iOS/pii-icons-full/03rs
have iOS/pii-icons-full/04dp
have iOS/pii-icons-full/05bw
have iOS/pii-icons-full/06xy
have iOS/pii-icons-full/07sm
have iOS/pii/01rg
have iOS/pii/02gs
have iOS/pii/03rs
have iOS/pii/04dp
have iOS/pii/05bw
have iOS/pii/06xy
have iOS/pii/07sm
have iOS/pii/animations
have iOS/scene-assets/adventurerslist
have iOS/scene-assets/aftertutorialstage
have iOS/scene-assets/ageselector
have iOS/scene-assets/battle
have iOS/scene-assets/battleresult
have iOS/scene-assets/chestselector
have iOS/scene-assets/equnitselector
have iOS/scene-assets/gift
have iOS/scene-assets/headerbar
have iOS/scene-assets/homemenu
have iOS/scene-assets/messagebox
have iOS/scene-assets/missionlist
have iOS/scene-assets/naconfig
have iOS/scene-assets/option
have iOS/scene-assets/piiselector
have iOS/scene-assets/shop
have iOS/scene-assets/stagedetail
have iOS/scene-assets/stampcard
have iOS/scene-assets/tutorialwindow
have iOS/scene-assets/webview
have iOS/scenes/aftertutorialstage
have iOS/scenes/battle
have iOS/scenes/battleresult
have iOS/scenes/beforefirstbattle
have iOS/scenes/camp
have iOS/scenes/endofservice
have iOS/scenes/globe
have iOS/scenes/totemrushresult
have iOS/se/01rg
have iOS/se/02gs
have iOS/se/03rs
have iOS/se/04dp
have iOS/se/05bw
have iOS/se/06xy
have iOS/se/07sm
have iOS/se/20
have iOS/se/common
have iOS/shaders
have iOS/shop-icons
have iOS/size_manifest.json
have iOS/sky
have iOS/spwaza
have iOS/stage/battleruin
have iOS/stage/beach
have iOS/stage/cave
have iOS/stage/forest
have iOS/stage/grassland
have iOS/stage/tower
have iOS/stage/ui
have iOS/tables
have iOS/text-debug/en
have iOS/text-debug/ja
have iOS/text/de
have iOS/text/en-us
have iOS/text/es
have iOS/text/fr
have iOS/text/it
have iOS/text/ja
have iOS/text/ko
have iOS/text/zh-tw
have iOS/ui
have iOS/utensil
have iOS/welcal/bosp
have iOS/z-evedef/001
have iOS/z-evedef/008
have iOS/z-evedef/021
have iOS/z-evedef/022
have iOS/z-evedef/023
have iOS/z-evedef/024
have iOS/z-evedef/025
have iOS/z-evedef/026
have iOS/z-evedef/027
have iOS/z-evedef/028
ok   iOS/z-evedef/029 (568763 B)
ok   iOS/z-evedef/030 (531033 B)
ok   iOS/z-evedef/031 (548643 B)
ok   iOS/z-evedef/032 (539365 B)
ok   iOS/z-evedef/033 (584513 B)
retry1 (0/574481) iOS/z-evedef/034
retry2 (0/574481) iOS/z-evedef/034
ok   iOS/z-evedef/034 (574481 B)
DONE 1.6.0 verified=123 failed=0
